// Jest Snapshot v1, https://goo.gl/fbAQLP

exports[`ViewabilityMeasurement renders without crashing 1`] = `
<Row>
  <CustomAlert
    className=""
    description="Tracking measurement resources from vendors"
    message="Viewability Measurement"
  />
  <Alert
    message="[missing \\"en.messages.inputOneItemPerLine\\" translation]"
    showIcon={true}
    type="warning"
  />
  <FormItem
    label="Measurement JS URLs"
    labelCol={
      Object {
        "span": 24,
      }
    }
    wrapperCol={
      Object {
        "span": 24,
      }
    }
  >
    <TextArea
      rows={4}
    />
  </FormItem>
  <FormItem
    label="Measurement Vendor Keys"
    labelCol={
      Object {
        "span": 24,
      }
    }
    wrapperCol={
      Object {
        "span": 24,
      }
    }
  >
    <TextArea
      rows={4}
    />
  </FormItem>
  <FormItem
    label="Measurement Params"
    labelCol={
      Object {
        "span": 24,
      }
    }
    wrapperCol={
      Object {
        "span": 24,
      }
    }
  >
    <TextArea
      rows={4}
    />
  </FormItem>
  <FormItem
    help="The three measurements above must have the same number of items."
    validateStatus="error"
  />
</Row>
`;
