// Jest Snapshot v1, https://goo.gl/fbAQLP

exports[`CustomNotice renders without crashing 1`] = `
<div>
  <span>
    Your query
    <strong>
       
       
    </strong>
    is in invalid format and not supported in Campaign UI.
  </span>
  <Button
    block={false}
    ghost={false}
    htmlType="button"
    loading={false}
    onClick={[Function]}
    type="ghost"
  />
</div>
`;
