// Jest Snapshot v1, https://goo.gl/fbAQLP

exports[`Test Image Wrapper render with props 1`] = `
<ImageWrapper
  src="ABCDXYZ"
>
  <div>
    <img
      alt="imageAd"
      src="ABCDXYZ"
    />
  </div>
</ImageWrapper>
`;

exports[`Test Image Wrapper renders without crashing 1`] = `
<div>
  <p>
    No image
  </p>
</div>
`;
